 adserver

 Timestamp is 646b2094 (Mon May 22 01:58:12 2023)

 Preferred load address is 0000000140000000

 Start         Length     Name                   Class
 0001:00000000 00005520H .text$mn                CODE
 0001:00005520 00001040H .text$mn$00             CODE
 0001:00006560 000010baH .text$x                 CODE
 0002:00000000 00000110H .CRT$XCA                DATA
 0002:00000110 00000110H .CRT$XCAA               DATA
 0002:00000220 00000110H .CRT$XCZ                DATA
 0002:00000330 00000110H .CRT$XIA                DATA
 0002:00000440 00000110H .CRT$XIAA               DATA
 0002:00000550 00000110H .CRT$XIAC               DATA
 0002:00000660 00000110H .CRT$XIZ                DATA
 0002:00000770 00000110H .CRT$XPA                DATA
 0002:00000880 00000110H .CRT$XPZ                DATA
 0002:00000990 00000110H .CRT$XTA                DATA
 0002:00000aa0 00000110H .CRT$XTZ                DATA
 0002:00000bb0 00000fd0H .rdata                  DATA
 0002:00001b80 00000200H .rdata$CastGuardVftablesA DATA
 0002:00001d80 0000019cH .rdata$CastGuardVftablesC DATA
 0002:00001f1c 0000018cH .rdata$zzzdbg           DATA
 0002:000020a8 00000110H .rtc$IAA                DATA
 0002:000021b8 00000110H .rtc$IMZ                DATA
 0002:000022c8 00000110H .rtc$IZZ                DATA
 0002:000023d8 00000110H .rtc$TAA                DATA
 0002:000024e8 00000110H .rtc$TMZ                DATA
 0002:000025f8 00000110H .rtc$TZZ                DATA
 0002:00002708 000006ecH .xdata                  DATA
 0002:00002df4 00000000H .edata                  DATA
 0003:00000000 00000170H .data                   DATA
 0003:00000170 00000781H .bss                    DATA
 0004:00000000 00000630H .pdata                  DATA
 0005:00000000 00000398H .idata$5                DATA
 0005:00000398 0000003cH .idata$2                DATA
 0005:000003d4 00000014H .idata$3                DATA
 0005:000003e8 00000398H .idata$4                DATA
 0005:00000780 0000073fH .idata$6                DATA
 0006:00000000 00000175H .00cfg                  DATA
 0007:00000000 00000170H .rsrc$01                DATA
 0007:00000170 000002e9H .rsrc$02                DATA

  Address         Publics by Value              Rva+Base               Lib:Object

 0000:00000000       __AbsoluteZero             0000000000000000     <absolute>
 0000:00000000       ___safe_se_handler_count   0000000000000000     <absolute>
 0000:00000000       ___safe_se_handler_table   0000000000000000     <absolute>
 0000:00000000       __arm64x_extra_rfe_table   0000000000000000     <absolute>
 0000:00000000       __arm64x_extra_rfe_table_size 0000000000000000     <absolute>
 0000:00000000       __arm64x_native_entrypoint 0000000000000000     <absolute>
 0000:00000000       __arm64x_redirection_metadata 0000000000000000     <absolute>
 0000:00000000       __arm64x_redirection_metadata_count 0000000000000000     <absolute>
 0000:00000000       __dynamic_value_reloc_table 0000000000000000     <absolute>
 0000:00000000       __enclave_config           0000000000000000     <absolute>
 0000:00000000       __guard_check_icall_a64n_fptr 0000000000000000     <absolute>
 0000:00000000       __guard_eh_cont_count      0000000000000000     <absolute>
 0000:00000000       __guard_eh_cont_table      0000000000000000     <absolute>
 0000:00000000       __guard_fids_count         0000000000000000     <absolute>
 0000:00000000       __guard_fids_table         0000000000000000     <absolute>
 0000:00000000       __guard_iat_count          0000000000000000     <absolute>
 0000:00000000       __guard_iat_table          0000000000000000     <absolute>
 0000:00000000       __guard_longjmp_count      0000000000000000     <absolute>
 0000:00000000       __guard_longjmp_table      0000000000000000     <absolute>
 0000:00000000       __hybrid_auxiliary_iat     0000000000000000     <absolute>
 0000:00000000       __hybrid_auxiliary_iat_copy 0000000000000000     <absolute>
 0000:00000000       __hybrid_code_map          0000000000000000     <absolute>
 0000:00000000       __hybrid_code_map_count    0000000000000000     <absolute>
 0000:00000000       __volatile_metadata        0000000000000000     <absolute>
 0000:00000000       __x64_code_ranges_to_entry_points 0000000000000000     <absolute>
 0000:00000000       __x64_code_ranges_to_entry_points_count 0000000000000000     <absolute>
 0000:00000100       __guard_flags              0000000000000100     <absolute>
 0000:00000000       __ImageBase                0000000140000000     <linker-defined>
 0001:000004d4       AllocConsole               00000001400014d4 f   kernel32:KERNEL32.dll
 0001:000004da       __stdio_common_vfprintf    00000001400014da f   ucrtd:ucrtbased.dll
 0001:000004e0       ?__empty_global_delete@@YAXPEAX@Z 00000001400014e0 f i entry.cpp.obj
 0001:000004e8       __acrt_iob_func            00000001400014e8 f   ucrtd:ucrtbased.dll
 0001:000004f0       ?__empty_global_delete@@YAXPEAXW4align_val_t@std@@@Z 00000001400014f0 f i entry.cpp.obj
 0001:00000500       ?__empty_global_delete@@YAXPEAX_K@Z 0000000140001500 f i entry.cpp.obj
 0001:00000510       ?__empty_global_delete@@YAXPEAX_KW4align_val_t@std@@@Z 0000000140001510 f i entry.cpp.obj
 0001:00000526       LoadLibraryA               0000000140001526 f   kernel32:KERNEL32.dll
 0001:00000530       _CRT_RTC_INIT              0000000140001530 f   MSVCRTD:init.obj
 0001:00000540       _CRT_RTC_INITW             0000000140001540 f   MSVCRTD:init.obj
 0001:00000550       _RTC_InitBase              0000000140001550 f   MSVCRTD:init.obj
 0001:000005a0       _RTC_Shutdown              00000001400015a0 f   MSVCRTD:init.obj
 0001:000008b0       ?hey@@YAXXZ                00000001400018b0 f   entry.cpp.obj
 0001:000008c0       main                       00000001400018c0 f   entry.cpp.obj
 0001:00000920       ?configure_argv@__scrt_narrow_argv_policy@@SAHXZ 0000000140001920 f i MSVCRTD:exe_main.obj
 0001:00000940       ?initialize_environment@__scrt_narrow_environment_policy@@SAHXZ 0000000140001940 f i MSVCRTD:exe_main.obj
 0001:000009b0       ?set_app_type@__scrt_main_policy@@SAXXZ 00000001400019b0 f i MSVCRTD:exe_main.obj
 0001:000009d0       ?set_commode@__scrt_file_policy@@SAXXZ 00000001400019d0 f i MSVCRTD:exe_main.obj
 0001:00000a00       ?set_fmode@__scrt_file_policy@@SAXXZ 0000000140001a00 f i MSVCRTD:exe_main.obj
 0001:00000a20       mainCRTStartup             0000000140001a20 f   MSVCRTD:exe_main.obj
 0001:00000a40       ?_RTC_GetErrorFunc@@YAP6AHHPEBDH00ZZPEBX@Z 0000000140001a40 f   MSVCRTD:userapi.obj
 0001:00000a50       ?_RTC_GetErrorFuncW@@YAP6AHHPEB_WH00ZZPEBX@Z 0000000140001a50 f   MSVCRTD:userapi.obj
 0001:00000a60       _RTC_GetErrDesc            0000000140001a60 f   MSVCRTD:userapi.obj
 0001:00000a80       _RTC_NumErrors             0000000140001a80 f   MSVCRTD:userapi.obj
 0001:00000a90       _RTC_SetErrorFunc          0000000140001a90 f   MSVCRTD:userapi.obj
 0001:00000ab0       _RTC_SetErrorFuncW         0000000140001ab0 f   MSVCRTD:userapi.obj
 0001:00000ad0       _RTC_SetErrorType          0000000140001ad0 f   MSVCRTD:userapi.obj
 0001:00000cb0       NtCurrentTeb               0000000140001cb0 f i MSVCRTD:utility.obj
 0001:00000cc0       __scrt_acquire_startup_lock 0000000140001cc0 f   MSVCRTD:utility.obj
 0001:00000d40       __scrt_dllmain_after_initialize_c 0000000140001d40 f   MSVCRTD:utility.obj
 0001:00000d80       __scrt_dllmain_before_initialize_c 0000000140001d80 f   MSVCRTD:utility.obj
 0001:00000db0       __scrt_dllmain_crt_thread_attach 0000000140001db0 f   MSVCRTD:utility.obj
 0001:00000df0       __scrt_dllmain_crt_thread_detach 0000000140001df0 f   MSVCRTD:utility.obj
 0001:00000e10       __scrt_dllmain_exception_filter 0000000140001e10 f   MSVCRTD:utility.obj
 0001:00000e90       __scrt_dllmain_uninitialize_c 0000000140001e90 f   MSVCRTD:utility.obj
 0001:00000ed0       __scrt_dllmain_uninitialize_critical 0000000140001ed0 f   MSVCRTD:utility.obj
 0001:00000ef0       __scrt_initialize_crt      0000000140001ef0 f   MSVCRTD:utility.obj
 0001:00000f50       __scrt_initialize_onexit_tables 0000000140001f50 f   MSVCRTD:utility.obj
 0001:00001060       _RTC_AllocaHelper          0000000140002060 f   MSVCRTD:stack.obj
 0001:000010a0       __scrt_is_nonwritable_in_current_image 00000001400020a0 f   MSVCRTD:utility.obj
 0001:00001150       __scrt_release_startup_lock 0000000140002150 f   MSVCRTD:utility.obj
 0001:00001190       __scrt_uninitialize_crt    0000000140002190 f   MSVCRTD:utility.obj
 0001:000011e0       _onexit                    00000001400021e0 f   MSVCRTD:utility.obj
 0001:00001280       at_quick_exit              0000000140002280 f   MSVCRTD:utility.obj
 0001:000012e0       atexit                     00000001400022e0 f   MSVCRTD:utility.obj
 0001:00001410       __security_init_cookie     0000000140002410 f   MSVCRTD:gs_support.obj
 0001:000014b0       _matherr                   00000001400024b0 f   MSVCRTD:matherr.obj
 0001:000014c0       _get_startup_argv_mode     00000001400024c0 f   MSVCRTD:argv_mode.obj
 0001:000014d0       _get_startup_commit_mode   00000001400024d0 f   MSVCRTD:commit_mode.obj
 0001:000014e0       _get_startup_file_mode     00000001400024e0 f   MSVCRTD:file_mode.obj
 0001:000014f0       _get_startup_new_mode      00000001400024f0 f   MSVCRTD:new_mode.obj
 0001:00001500       _get_startup_thread_locale_mode 0000000140002500 f   MSVCRTD:thread_locale.obj
 0001:00001510       ?__scrt_initialize_type_info@@YAXXZ 0000000140002510 f   MSVCRTD:tncleanup.obj
 0001:00001530       ?__scrt_uninitialize_type_info@@YAXXZ 0000000140002530 f   MSVCRTD:tncleanup.obj
 0001:00001550       _should_initialize_environment 0000000140002550 f   MSVCRTD:env_mode.obj
 0001:00001560       _initialize_invalid_parameter_handler 0000000140002560 f   MSVCRTD:invalid_parameter_handler.obj
 0001:00001570       _initialize_denormal_control 0000000140002570 f   MSVCRTD:denormal_control.obj
 0001:00001580       __local_stdio_printf_options 0000000140002580 f i MSVCRTD:default_local_stdio_options.obj
 0001:00001590       __local_stdio_scanf_options 0000000140002590 f i MSVCRTD:default_local_stdio_options.obj
 0001:000015a0       __scrt_initialize_default_local_stdio_options 00000001400025a0 f   MSVCRTD:default_local_stdio_options.obj
 0001:00001600       __scrt_is_user_matherr_present 0000000140002600 f   MSVCRTD:matherr_detection.obj
 0001:00001630       __scrt_get_dyn_tls_init_callback 0000000140002630 f   MSVCRTD:dyn_tls_init.obj
 0001:00001640       __scrt_get_dyn_tls_dtor_callback 0000000140002640 f   MSVCRTD:dyn_tls_dtor.obj
 0001:00001650       __crt_debugger_hook        0000000140002650 f   MSVCRTD:utility_desktop.obj
 0001:00001670       __scrt_fastfail            0000000140002670 f   MSVCRTD:utility_desktop.obj
 0001:00001810       _vfprintf_l                0000000140002810 f i entry.cpp.obj
 0001:00001870       __scrt_get_show_window_mode 0000000140002870 f   MSVCRTD:utility_desktop.obj
 0001:000018e0       __scrt_initialize_mta      00000001400028e0 f   MSVCRTD:utility_desktop.obj
 0001:00001900       __scrt_initialize_winrt    0000000140002900 f   MSVCRTD:utility_desktop.obj
 0001:00001910       __scrt_is_managed_app      0000000140002910 f   MSVCRTD:utility_desktop.obj
 0001:000019e0       __scrt_set_unhandled_exception_filter 00000001400029e0 f   MSVCRTD:utility_desktop.obj
 0001:00001a00       __scrt_exe_initialize_mta  0000000140002a00 f   MSVCRTD:utility_desktop.obj
 0001:00001a00       __scrt_stub_for_initialize_mta 0000000140002a00 f   MSVCRTD:utility_desktop.obj
 0001:00001a10       __scrt_unhandled_exception_filter 0000000140002a10 f   MSVCRTD:utility_desktop.obj
 0001:00001ad0       _RTC_Initialize            0000000140002ad0 f   MSVCRTD:initsect.obj
 0001:00001b30       _RTC_Terminate             0000000140002b30 f   MSVCRTD:initsect.obj
 0001:00001b90       _guard_check_icall_nop     0000000140002b90 f i MSVCRTD:guard_support.obj
 0001:00001ba0       ReadNoFence64              0000000140002ba0 f i MSVCRTD:guard_support.obj
 0001:00001bd0       ReadPointerNoFence         0000000140002bd0 f i MSVCRTD:guard_support.obj
 0001:00001bf0       __castguard_check_failure_debugbreak 0000000140002bf0 f i MSVCRTD:guard_support.obj
 0001:00001c20       __castguard_check_failure_fastfail 0000000140002c20 f i MSVCRTD:guard_support.obj
 0001:00001c50       __castguard_check_failure_nop 0000000140002c50 f i MSVCRTD:guard_support.obj
 0001:00001c60       __castguard_check_failure_os_handled 0000000140002c60 f i MSVCRTD:guard_support.obj
 0001:00001d60       __castguard_slow_path_check_debugbreak 0000000140002d60 f i MSVCRTD:guard_support.obj
 0001:00001db0       __castguard_slow_path_check_fastfail 0000000140002db0 f i MSVCRTD:guard_support.obj
 0001:00001e10       __castguard_slow_path_check_nop 0000000140002e10 f i MSVCRTD:guard_support.obj
 0001:00001e30       __castguard_slow_path_check_os_handled 0000000140002e30 f i MSVCRTD:guard_support.obj
 0001:00001f20       _guard_icall_checks_enforced 0000000140002f20 f i MSVCRTD:guard_support.obj
 0001:00001f70       _guard_rf_checks_enforced  0000000140002f70 f i MSVCRTD:guard_support.obj
 0001:00002030       ?_RTC_AllocaFailure@@YAXPEAXPEAU_RTC_ALLOCA_NODE@@H@Z 0000000140003030 f   MSVCRTD:error.obj
 0001:000021e0       ?_RTC_Failure@@YAXPEAXH@Z  00000001400031e0 f   MSVCRTD:error.obj
 0001:00002250       ?_RTC_StackFailure@@YAXPEAXPEBD@Z 0000000140003250 f   MSVCRTD:error.obj
 0001:000026c0       printf                     00000001400036c0 f i entry.cpp.obj
 0001:00002790       _RTC_UninitUse             0000000140003790 f   MSVCRTD:error.obj
 0001:00002890       _vsprintf_s_l              0000000140003890 f i MSVCRTD:error.obj
 0001:00002910       sprintf_s                  0000000140003910 f i MSVCRTD:error.obj
 0001:00002940       __isa_available_init       0000000140003940 f   MSVCRTD:cpu_disp.obj
 0001:00002cf0       _RTC_CheckStackVars        0000000140003cf0 f   MSVCRTD:stack.obj
 0001:00002dd0       __scrt_is_ucrt_dll_in_use  0000000140003dd0 f   MSVCRTD:ucrt_detection.obj
 0001:00003470       ?_RTC_GetSrcLine@@YAHPEAEPEA_WKPEAH1K@Z 0000000140004470 f   MSVCRTD:pdblkup.obj
 0001:00003930       __GSHandlerCheck           0000000140004930 f   MSVCRTD:gshandler.obj
 0001:00003980       __GSHandlerCheckCommon     0000000140004980 f   MSVCRTD:gshandler.obj
 0001:00003ad0       __security_check_cookie    0000000140004ad0 f   MSVCRTD:amdsecgs.obj
 0001:00003b00       __raise_securityfailure    0000000140004b00 f   MSVCRTD:gs_report.obj
 0001:00003b50       __report_gsfailure         0000000140004b50 f   MSVCRTD:gs_report.obj
 0001:00003c60       __report_rangecheckfailure 0000000140004c60 f   MSVCRTD:gs_report.obj
 0001:00003c80       __report_securityfailure   0000000140004c80 f   MSVCRTD:gs_report.obj
 0001:00003d50       __report_securityfailureEx 0000000140004d50 f   MSVCRTD:gs_report.obj
 0001:0000404e       __C_specific_handler       000000014000504e f   vcruntimed:VCRUNTIME140D.dll
 0001:00004054       __std_type_info_destroy_list 0000000140005054 f   vcruntimed:VCRUNTIME140D.dll
 0001:0000405a       __current_exception        000000014000505a f   vcruntimed:VCRUNTIME140D.dll
 0001:00004060       __current_exception_context 0000000140005060 f   vcruntimed:VCRUNTIME140D.dll
 0001:00004066       __C_specific_handler_noexcept 0000000140005066 f   vcruntimed:VCRUNTIME140D.dll
 0001:0000406c       __vcrt_GetModuleFileNameW  000000014000506c f   vcruntimed:VCRUNTIME140D.dll
 0001:00004072       __vcrt_GetModuleHandleW    0000000140005072 f   vcruntimed:VCRUNTIME140D.dll
 0001:00004078       __vcrt_LoadLibraryExW      0000000140005078 f   vcruntimed:VCRUNTIME140D.dll
 0001:0000407e       _CrtDbgReport              000000014000507e f   ucrtd:ucrtbased.dll
 0001:00004084       _CrtDbgReportW             0000000140005084 f   ucrtd:ucrtbased.dll
 0001:0000408a       _seh_filter_exe            000000014000508a f   ucrtd:ucrtbased.dll
 0001:00004090       _set_app_type              0000000140005090 f   ucrtd:ucrtbased.dll
 0001:00004096       __setusermatherr           0000000140005096 f   ucrtd:ucrtbased.dll
 0001:0000409c       _configure_narrow_argv     000000014000509c f   ucrtd:ucrtbased.dll
 0001:000040a2       _initialize_narrow_environment 00000001400050a2 f   ucrtd:ucrtbased.dll
 0001:000040a8       _get_initial_narrow_environment 00000001400050a8 f   ucrtd:ucrtbased.dll
 0001:000040ae       _initterm                  00000001400050ae f   ucrtd:ucrtbased.dll
 0001:000040b4       _initterm_e                00000001400050b4 f   ucrtd:ucrtbased.dll
 0001:000040ba       exit                       00000001400050ba f   ucrtd:ucrtbased.dll
 0001:000040c0       _exit                      00000001400050c0 f   ucrtd:ucrtbased.dll
 0001:000040c6       _set_fmode                 00000001400050c6 f   ucrtd:ucrtbased.dll
 0001:000040cc       __p___argc                 00000001400050cc f   ucrtd:ucrtbased.dll
 0001:000040d2       __p___argv                 00000001400050d2 f   ucrtd:ucrtbased.dll
 0001:000040d8       _cexit                     00000001400050d8 f   ucrtd:ucrtbased.dll
 0001:000040de       _c_exit                    00000001400050de f   ucrtd:ucrtbased.dll
 0001:000040e4       _register_thread_local_exe_atexit_callback 00000001400050e4 f   ucrtd:ucrtbased.dll
 0001:000040ea       _configthreadlocale        00000001400050ea f   ucrtd:ucrtbased.dll
 0001:000040f0       _set_new_mode              00000001400050f0 f   ucrtd:ucrtbased.dll
 0001:000040f6       __p__commode               00000001400050f6 f   ucrtd:ucrtbased.dll
 0001:000040fc       _seh_filter_dll            00000001400050fc f   ucrtd:ucrtbased.dll
 0001:00004102       _initialize_onexit_table   0000000140005102 f   ucrtd:ucrtbased.dll
 0001:00004108       _register_onexit_function  0000000140005108 f   ucrtd:ucrtbased.dll
 0001:0000410e       _execute_onexit_table      000000014000510e f   ucrtd:ucrtbased.dll
 0001:00004114       _crt_atexit                0000000140005114 f   ucrtd:ucrtbased.dll
 0001:0000411a       _crt_at_quick_exit         000000014000511a f   ucrtd:ucrtbased.dll
 0001:00004120       terminate                  0000000140005120 f   ucrtd:ucrtbased.dll
 0001:00004126       strcpy_s                   0000000140005126 f   ucrtd:ucrtbased.dll
 0001:0000412c       strcat_s                   000000014000512c f   ucrtd:ucrtbased.dll
 0001:00004132       __stdio_common_vsprintf_s  0000000140005132 f   ucrtd:ucrtbased.dll
 0001:00004138       _wmakepath_s               0000000140005138 f   ucrtd:ucrtbased.dll
 0001:0000413e       _wsplitpath_s              000000014000513e f   ucrtd:ucrtbased.dll
 0001:00004144       wcscpy_s                   0000000140005144 f   ucrtd:ucrtbased.dll
 0001:0000414a       QueryPerformanceCounter    000000014000514a f   kernel32:KERNEL32.dll
 0001:00004150       GetCurrentProcessId        0000000140005150 f   kernel32:KERNEL32.dll
 0001:00004156       GetCurrentThreadId         0000000140005156 f   kernel32:KERNEL32.dll
 0001:0000415c       GetSystemTimeAsFileTime    000000014000515c f   kernel32:KERNEL32.dll
 0001:00004162       InitializeSListHead        0000000140005162 f   kernel32:KERNEL32.dll
 0001:00004168       RtlCaptureContext          0000000140005168 f   kernel32:KERNEL32.dll
 0001:0000416e       RtlLookupFunctionEntry     000000014000516e f   kernel32:KERNEL32.dll
 0001:00004174       RtlVirtualUnwind           0000000140005174 f   kernel32:KERNEL32.dll
 0001:0000417a       IsDebuggerPresent          000000014000517a f   kernel32:KERNEL32.dll
 0001:00004180       UnhandledExceptionFilter   0000000140005180 f   kernel32:KERNEL32.dll
 0001:00004186       SetUnhandledExceptionFilter 0000000140005186 f   kernel32:KERNEL32.dll
 0001:0000418c       GetStartupInfoW            000000014000518c f   kernel32:KERNEL32.dll
 0001:00004192       IsProcessorFeaturePresent  0000000140005192 f   kernel32:KERNEL32.dll
 0001:00004198       GetModuleHandleW           0000000140005198 f   kernel32:KERNEL32.dll
 0001:0000419e       RaiseException             000000014000519e f   kernel32:KERNEL32.dll
 0001:000041a4       MultiByteToWideChar        00000001400051a4 f   kernel32:KERNEL32.dll
 0001:000041aa       WideCharToMultiByte        00000001400051aa f   kernel32:KERNEL32.dll
 0001:000041b0       GetLastError               00000001400051b0 f   kernel32:KERNEL32.dll
 0001:000041b6       HeapAlloc                  00000001400051b6 f   kernel32:KERNEL32.dll
 0001:000041bc       HeapFree                   00000001400051bc f   kernel32:KERNEL32.dll
 0001:000041c2       GetProcessHeap             00000001400051c2 f   kernel32:KERNEL32.dll
 0001:000041c8       VirtualQuery               00000001400051c8 f   kernel32:KERNEL32.dll
 0001:000041ce       FreeLibrary                00000001400051ce f   kernel32:KERNEL32.dll
 0001:000041d4       GetProcAddress             00000001400051d4 f   kernel32:KERNEL32.dll
 0001:000041da       GetCurrentProcess          00000001400051da f   kernel32:KERNEL32.dll
 0001:000041e0       TerminateProcess           00000001400051e0 f   kernel32:KERNEL32.dll
 0001:000041f0       __acrt_initialize          00000001400051f0 f   MSVCRTD:ucrt_stubs.obj
 0001:000041f0       __scrt_stub_for_acrt_initialize 00000001400051f0 f   MSVCRTD:ucrt_stubs.obj
 0001:000041f0       __vcrt_initialize          00000001400051f0 f   MSVCRTD:ucrt_stubs.obj
 0001:00004200       __acrt_thread_attach       0000000140005200 f   MSVCRTD:ucrt_stubs.obj
 0001:00004200       __scrt_stub_for_acrt_thread_attach 0000000140005200 f   MSVCRTD:ucrt_stubs.obj
 0001:00004200       __vcrt_thread_attach       0000000140005200 f   MSVCRTD:ucrt_stubs.obj
 0001:00004210       __acrt_thread_detach       0000000140005210 f   MSVCRTD:ucrt_stubs.obj
 0001:00004210       __scrt_stub_for_acrt_thread_detach 0000000140005210 f   MSVCRTD:ucrt_stubs.obj
 0001:00004210       __vcrt_thread_detach       0000000140005210 f   MSVCRTD:ucrt_stubs.obj
 0001:00004220       __acrt_uninitialize        0000000140005220 f   MSVCRTD:ucrt_stubs.obj
 0001:00004220       __scrt_stub_for_acrt_uninitialize 0000000140005220 f   MSVCRTD:ucrt_stubs.obj
 0001:00004220       __vcrt_uninitialize        0000000140005220 f   MSVCRTD:ucrt_stubs.obj
 0001:00004230       __acrt_uninitialize_critical 0000000140005230 f   MSVCRTD:ucrt_stubs.obj
 0001:00004230       __scrt_stub_for_acrt_uninitialize_critical 0000000140005230 f   MSVCRTD:ucrt_stubs.obj
 0001:00004230       __vcrt_uninitialize_critical 0000000140005230 f   MSVCRTD:ucrt_stubs.obj
 0001:00004240       __scrt_stub_for_is_c_termination_complete 0000000140005240 f   MSVCRTD:ucrt_stubs.obj
 0001:00004240       _is_c_termination_complete 0000000140005240 f   MSVCRTD:ucrt_stubs.obj
 0001:00004243       memcpy                     0000000140005243 f   vcruntimed:VCRUNTIME140D.dll
 0001:00004250       _RTC_CheckStackVars2       0000000140005250 f   MSVCRTD:stack.obj
 0001:00005530       _guard_dispatch_icall_nop  0000000140006530 f   MSVCRTD:guard_dispatch.obj
 0001:00005550       _guard_xfg_dispatch_icall_nop 0000000140006550 f   MSVCRTD:guard_xfg_dispatch.obj
 0002:00000000       __xc_a                     0000000140009000     MSVCRTD:initializers.obj
 0002:00000220       __xc_z                     0000000140009220     MSVCRTD:initializers.obj
 0002:00000330       __xi_a                     0000000140009330     MSVCRTD:initializers.obj
 0002:00000660       __xi_z                     0000000140009660     MSVCRTD:initializers.obj
 0002:00000770       __xp_a                     0000000140009770     MSVCRTD:initializers.obj
 0002:00000880       __xp_z                     0000000140009880     MSVCRTD:initializers.obj
 0002:00000990       __xt_a                     0000000140009990     MSVCRTD:initializers.obj
 0002:00000aa0       __xt_z                     0000000140009aa0     MSVCRTD:initializers.obj
 0002:00000e28       ??_C@_0BJ@HEGAHDFO@Stack?5pointer?5corruption@ 0000000140009e28     MSVCRTD:userapi.obj
 0002:00000e48       ??_C@_0CK@FEGOIOPB@Cast?5to?5smaller?5type?5causing?5lo@ 0000000140009e48     MSVCRTD:userapi.obj
 0002:00000e80       ??_C@_0BI@CIGMDCBH@Stack?5memory?5corruption@ 0000000140009e80     MSVCRTD:userapi.obj
 0002:00000ea0       ??_C@_0CK@CNLNOEPB@Local?5variable?5used?5before?5init@ 0000000140009ea0     MSVCRTD:userapi.obj
 0002:00000ed8       ??_C@_0BP@OGBCLIBO@Stack?5around?5_alloca?5corrupted@ 0000000140009ed8     MSVCRTD:userapi.obj
 0002:00000fe0       ??_C@_0NN@JMPELKLB@The?5value?5of?5ESP?5was?5not?5proper@ 0000000140009fe0     MSVCRTD:error.obj
 0002:000010f0       ??_C@_0BBN@ELNNILBE@A?5cast?5to?5a?5smaller?5data?5type?5h@ 000000014000a0f0     MSVCRTD:error.obj
 0002:00001248       ??_C@_0BN@BPOGFMJL@Stack?5memory?5was?5corrupted?$AN?6@ 000000014000a248     MSVCRTD:error.obj
 0002:00001270       ??_C@_0DG@DAJCDLPN@A?5local?5variable?5was?5used?5befor@ 000000014000a270     MSVCRTD:error.obj
 0002:000012b0       ??_C@_0CM@JMIDGKLA@Stack?5memory?5around?5_alloca?5was@ 000000014000a2b0     MSVCRTD:error.obj
 0002:000012e8       ??_C@_0BO@CHIONIOI@Unknown?5Runtime?5Check?5Error?$AN?6@ 000000014000a2e8     MSVCRTD:error.obj
 0002:00001310       ??_C@_1GM@CNOOJIHC@?$AAR?$AAu?$AAn?$AAt?$AAi?$AAm?$AAe?$AA?5?$AAC?$AAh?$AAe?$AAc?$AAk?$AA?5?$AAE@ 000000014000a310     MSVCRTD:error.obj
 0002:000013a0       ??_C@_1EA@NFKNIFJP@?$AAR?$AAu?$AAn?$AA?9?$AAT?$AAi?$AAm?$AAe?$AA?5?$AAC?$AAh?$AAe?$AAc?$AAk?$AA?5@ 000000014000a3a0     MSVCRTD:error.obj
 0002:000013f0       ??_C@_0BB@PFFGGCJP@Unknown?5Filename@ 000000014000a3f0     MSVCRTD:error.obj
 0002:00001408       ??_C@_0BE@GNBOBNCK@Unknown?5Module?5Name@ 000000014000a408     MSVCRTD:error.obj
 0002:00001420       ??_C@_0CA@IODNCDPG@Run?9Time?5Check?5Failure?5?$CD?$CFd?5?9?5?$CFs@ 000000014000a420     MSVCRTD:error.obj
 0002:00001448       ??_C@_0CG@IAFNJNEE@Stack?5corrupted?5near?5unknown?5va@ 000000014000a448     MSVCRTD:error.obj
 0002:00001478       ??_C@_05MKKEDADM@?$CF?42X?5@ 000000014000a478     MSVCRTD:error.obj
 0002:00001480       ??_C@_0EJ@LJKNEOLN@Stack?5area?5around?5_alloca?5memor@ 000000014000a480     MSVCRTD:error.obj
 0002:000014d8       ??_C@_01EEMJAFIK@?6@       000000014000a4d8     MSVCRTD:error.obj
 0002:000014dc       ??_C@_02LLMPMKNF@?$DO?5@   000000014000a4dc     MSVCRTD:error.obj
 0002:000014e0       ??_C@_08OMAHNMHJ@?6Data?3?5?$DM@ 000000014000a4e0     MSVCRTD:error.obj
 0002:000014f0       ??_C@_0CK@DKGBICFE@?6Allocation?5number?5within?5this?5@ 000000014000a4f0     MSVCRTD:error.obj
 0002:00001528       ??_C@_07DFDJCKFN@?6Size?3?5@ 000000014000a528     MSVCRTD:error.obj
 0002:00001538       ??_C@_0N@MHFFIMFG@?6Address?3?50x@ 000000014000a538     MSVCRTD:error.obj
 0002:00001550       ??_C@_0EI@CLEPFNGI@Stack?5area?5around?5_alloca?5memor@ 000000014000a550     MSVCRTD:error.obj
 0002:000015a8       ??_C@_0BK@ODNDAGKB@?$CFs?$CFs?$CFp?$CFs?$CFzd?$CFs?$CFd?$CFs?$CFs?$CFs?$CFs?$CFs@ 000000014000a5a8     MSVCRTD:error.obj
 0002:000015c8       ??_C@_0DE@OHJBPMBP@A?5variable?5is?5being?5used?5withou@ 000000014000a5c8     MSVCRTD:error.obj
 0002:00001670       ??_C@_1EI@MLPKHBGE@?$AAa?$AAp?$AAi?$AA?9?$AAm?$AAs?$AA?9?$AAw?$AAi?$AAn?$AA?9?$AAc?$AAo?$AAr?$AAe@ 000000014000a670     MSVCRTD:pdblkup.obj
 0002:000016c8       ??_C@_1BK@JHLNAEJL@?$AAa?$AAd?$AAv?$AAa?$AAp?$AAi?$AA3?$AA2?$AA?4?$AAd?$AAl?$AAl@ 000000014000a6c8     MSVCRTD:pdblkup.obj
 0002:000016e8       ??_C@_0O@COHOBMLB@RegOpenKeyExW@ 000000014000a6e8     MSVCRTD:pdblkup.obj
 0002:000016f8       ??_C@_0BB@GLNAEDBD@RegQueryValueExW@ 000000014000a6f8     MSVCRTD:pdblkup.obj
 0002:00001710       ??_C@_0M@HLOHPNFA@RegCloseKey@ 000000014000a710     MSVCRTD:pdblkup.obj
 0002:00001720       ??_C@_1HE@EBEAGLFB@?$AAS?$AAO?$AAF?$AAT?$AAW?$AAA?$AAR?$AAE?$AA?2?$AAW?$AAo?$AAw?$AA6?$AA4?$AA3@ 000000014000a720     MSVCRTD:pdblkup.obj
 0002:000017b0       ??_C@_1BG@EABPBLLF@?$AAP?$AAr?$AAo?$AAd?$AAu?$AAc?$AAt?$AAD?$AAi?$AAr@ 000000014000a7b0     MSVCRTD:pdblkup.obj
 0002:000017f8       ??_C@_1BC@JINFINNJ@?$AAM?$AAS?$AAP?$AAD?$AAB?$AA1?$AA4?$AA0@ 000000014000a7f8     MSVCRTD:pdblkup.obj
 0002:00001810       ??_C@_0BB@KCIACLNC@PDBOpenValidate5@ 000000014000a810     MSVCRTD:pdblkup.obj
 0002:00001824       ??_C@_01KDCPPGHE@r@        000000014000a824     MSVCRTD:pdblkup.obj
 0002:00001840       _load_config_used          000000014000a840     MSVCRTD:loadcfg.obj
 0002:00001b80       __CastGuardVftablesStart   000000014000ab80     MSVCRTD:guard_support.obj
 0002:00001d80       __CastGuardVftablesEnd     000000014000ad80     MSVCRTD:guard_support.obj
 0002:000020a8       __rtc_iaa                  000000014000b0a8     MSVCRTD:initsect.obj
 0002:000022c8       __rtc_izz                  000000014000b2c8     MSVCRTD:initsect.obj
 0002:000023d8       __rtc_taa                  000000014000b3d8     MSVCRTD:initsect.obj
 0002:000025f8       __rtc_tzz                  000000014000b5f8     MSVCRTD:initsect.obj
 0003:00000000       __scrt_native_dllmain_reason 000000014000c000     MSVCRTD:utility.obj
 0003:00000004       __scrt_default_matherr     000000014000c004     MSVCRTD:matherr.obj
 0003:00000008       ?_RTC_ErrorLevels@@3PAHA   000000014000c008     MSVCRTD:error.obj
 0003:00000020       __isa_available            000000014000c020     MSVCRTD:cpu_disp.obj
 0003:00000024       __isa_enabled              000000014000c024     MSVCRTD:cpu_disp.obj
 0003:00000028       __memset_fast_string_threshold 000000014000c028     MSVCRTD:cpu_disp.obj
 0003:00000030       __memset_nt_threshold      000000014000c030     MSVCRTD:cpu_disp.obj
 0003:00000040       __security_cookie_complement 000000014000c040     MSVCRTD:gs_cookie.obj
 0003:00000048       __security_cookie          000000014000c048     MSVCRTD:gs_cookie.obj
 0003:00000060       __scrt_ucrt_dll_is_in_use  000000014000c060     MSVCRTD:ucrt_stubs.obj
 0003:00000190       __scrt_current_native_startup_state 000000014000c190     MSVCRTD:utility.obj
 0003:00000198       __scrt_native_startup_lock 000000014000c198     MSVCRTD:utility.obj
 0003:000001f0       ?__type_info_root_node@@3U__type_info_node@@A 000000014000c1f0     MSVCRTD:tncleanup.obj
 0003:00000208       ?_OptionsStorage@?1??__local_stdio_printf_options@@9@4_KA 000000014000c208     MSVCRTD:default_local_stdio_options.obj
 0003:00000218       ?_OptionsStorage@?1??__local_stdio_scanf_options@@9@4_KA 000000014000c218     MSVCRTD:default_local_stdio_options.obj
 0003:00000224       __scrt_debugger_hook_flag  000000014000c224     MSVCRTD:utility_desktop.obj
 0003:00000228       __favor                    000000014000c228     MSVCRTD:cpu_disp.obj
 0003:000008c8       __dyn_tls_dtor_callback    000000014000c8c8     <common>
 0003:000008e0       __dyn_tls_init_callback    000000014000c8e0     <common>
 0005:00000000       __imp_LoadLibraryA         000000014000e000     kernel32:KERNEL32.dll
 0005:00000008       __imp_GetCurrentProcessId  000000014000e008     kernel32:KERNEL32.dll
 0005:00000010       __imp_GetCurrentThreadId   000000014000e010     kernel32:KERNEL32.dll
 0005:00000018       __imp_GetSystemTimeAsFileTime 000000014000e018     kernel32:KERNEL32.dll
 0005:00000020       __imp_InitializeSListHead  000000014000e020     kernel32:KERNEL32.dll
 0005:00000028       __imp_RtlCaptureContext    000000014000e028     kernel32:KERNEL32.dll
 0005:00000030       __imp_RtlLookupFunctionEntry 000000014000e030     kernel32:KERNEL32.dll
 0005:00000038       __imp_RtlVirtualUnwind     000000014000e038     kernel32:KERNEL32.dll
 0005:00000040       __imp_IsDebuggerPresent    000000014000e040     kernel32:KERNEL32.dll
 0005:00000048       __imp_UnhandledExceptionFilter 000000014000e048     kernel32:KERNEL32.dll
 0005:00000050       __imp_TerminateProcess     000000014000e050     kernel32:KERNEL32.dll
 0005:00000058       __imp_GetCurrentProcess    000000014000e058     kernel32:KERNEL32.dll
 0005:00000060       __imp_GetProcAddress       000000014000e060     kernel32:KERNEL32.dll
 0005:00000068       __imp_FreeLibrary          000000014000e068     kernel32:KERNEL32.dll
 0005:00000070       __imp_VirtualQuery         000000014000e070     kernel32:KERNEL32.dll
 0005:00000078       __imp_GetProcessHeap       000000014000e078     kernel32:KERNEL32.dll
 0005:00000080       __imp_HeapFree             000000014000e080     kernel32:KERNEL32.dll
 0005:00000088       __imp_HeapAlloc            000000014000e088     kernel32:KERNEL32.dll
 0005:00000090       __imp_GetLastError         000000014000e090     kernel32:KERNEL32.dll
 0005:00000098       __imp_WideCharToMultiByte  000000014000e098     kernel32:KERNEL32.dll
 0005:000000a0       __imp_MultiByteToWideChar  000000014000e0a0     kernel32:KERNEL32.dll
 0005:000000a8       __imp_RaiseException       000000014000e0a8     kernel32:KERNEL32.dll
 0005:000000b0       __imp_GetModuleHandleW     000000014000e0b0     kernel32:KERNEL32.dll
 0005:000000b8       __imp_IsProcessorFeaturePresent 000000014000e0b8     kernel32:KERNEL32.dll
 0005:000000c0       __imp_GetStartupInfoW      000000014000e0c0     kernel32:KERNEL32.dll
 0005:000000c8       __imp_SetUnhandledExceptionFilter 000000014000e0c8     kernel32:KERNEL32.dll
 0005:000000d0       __imp_QueryPerformanceCounter 000000014000e0d0     kernel32:KERNEL32.dll
 0005:000000d8       __imp_AllocConsole         000000014000e0d8     kernel32:KERNEL32.dll
 0005:000000e0       \177KERNEL32_NULL_THUNK_DATA 000000014000e0e0     kernel32:KERNEL32.dll
 0005:00000158       __imp___C_specific_handler_noexcept 000000014000e158     vcruntimed:VCRUNTIME140D.dll
 0005:00000160       __imp___vcrt_GetModuleHandleW 000000014000e160     vcruntimed:VCRUNTIME140D.dll
 0005:00000168       __imp___current_exception  000000014000e168     vcruntimed:VCRUNTIME140D.dll
 0005:00000170       __imp___std_type_info_destroy_list 000000014000e170     vcruntimed:VCRUNTIME140D.dll
 0005:00000178       __imp___C_specific_handler 000000014000e178     vcruntimed:VCRUNTIME140D.dll
 0005:00000180       __imp___current_exception_context 000000014000e180     vcruntimed:VCRUNTIME140D.dll
 0005:00000188       __imp___vcrt_GetModuleFileNameW 000000014000e188     vcruntimed:VCRUNTIME140D.dll
 0005:00000190       __imp___vcrt_LoadLibraryExW 000000014000e190     vcruntimed:VCRUNTIME140D.dll
 0005:00000198       __imp_memcpy               000000014000e198     vcruntimed:VCRUNTIME140D.dll
 0005:000001a0       \177VCRUNTIME140D_NULL_THUNK_DATA 000000014000e1a0     vcruntimed:VCRUNTIME140D.dll
 0005:00000200       __imp_terminate            000000014000e200     ucrtd:ucrtbased.dll
 0005:00000208       __imp_strcpy_s             000000014000e208     ucrtd:ucrtbased.dll
 0005:00000210       __imp_strcat_s             000000014000e210     ucrtd:ucrtbased.dll
 0005:00000218       __imp___stdio_common_vsprintf_s 000000014000e218     ucrtd:ucrtbased.dll
 0005:00000220       __imp__wmakepath_s         000000014000e220     ucrtd:ucrtbased.dll
 0005:00000228       __imp__wsplitpath_s        000000014000e228     ucrtd:ucrtbased.dll
 0005:00000230       __imp_wcscpy_s             000000014000e230     ucrtd:ucrtbased.dll
 0005:00000238       __imp__crt_at_quick_exit   000000014000e238     ucrtd:ucrtbased.dll
 0005:00000240       __imp__execute_onexit_table 000000014000e240     ucrtd:ucrtbased.dll
 0005:00000248       __imp__register_onexit_function 000000014000e248     ucrtd:ucrtbased.dll
 0005:00000250       __imp__initialize_onexit_table 000000014000e250     ucrtd:ucrtbased.dll
 0005:00000258       __imp__seh_filter_dll      000000014000e258     ucrtd:ucrtbased.dll
 0005:00000260       __imp___p__commode         000000014000e260     ucrtd:ucrtbased.dll
 0005:00000268       __imp__set_new_mode        000000014000e268     ucrtd:ucrtbased.dll
 0005:00000270       __imp__configthreadlocale  000000014000e270     ucrtd:ucrtbased.dll
 0005:00000278       __imp__register_thread_local_exe_atexit_callback 000000014000e278     ucrtd:ucrtbased.dll
 0005:00000280       __imp__c_exit              000000014000e280     ucrtd:ucrtbased.dll
 0005:00000288       __imp__cexit               000000014000e288     ucrtd:ucrtbased.dll
 0005:00000290       __imp___p___argv           000000014000e290     ucrtd:ucrtbased.dll
 0005:00000298       __imp___p___argc           000000014000e298     ucrtd:ucrtbased.dll
 0005:000002a0       __imp__set_fmode           000000014000e2a0     ucrtd:ucrtbased.dll
 0005:000002a8       __imp__exit                000000014000e2a8     ucrtd:ucrtbased.dll
 0005:000002b0       __imp_exit                 000000014000e2b0     ucrtd:ucrtbased.dll
 0005:000002b8       __imp__initterm_e          000000014000e2b8     ucrtd:ucrtbased.dll
 0005:000002c0       __imp__initterm            000000014000e2c0     ucrtd:ucrtbased.dll
 0005:000002c8       __imp__get_initial_narrow_environment 000000014000e2c8     ucrtd:ucrtbased.dll
 0005:000002d0       __imp__initialize_narrow_environment 000000014000e2d0     ucrtd:ucrtbased.dll
 0005:000002d8       __imp__configure_narrow_argv 000000014000e2d8     ucrtd:ucrtbased.dll
 0005:000002e0       __imp___setusermatherr     000000014000e2e0     ucrtd:ucrtbased.dll
 0005:000002e8       __imp__set_app_type        000000014000e2e8     ucrtd:ucrtbased.dll
 0005:000002f0       __imp__seh_filter_exe      000000014000e2f0     ucrtd:ucrtbased.dll
 0005:000002f8       __imp__CrtDbgReportW       000000014000e2f8     ucrtd:ucrtbased.dll
 0005:00000300       __imp__CrtDbgReport        000000014000e300     ucrtd:ucrtbased.dll
 0005:00000308       __imp__crt_atexit          000000014000e308     ucrtd:ucrtbased.dll
 0005:00000310       __imp___stdio_common_vfprintf 000000014000e310     ucrtd:ucrtbased.dll
 0005:00000318       __imp___acrt_iob_func      000000014000e318     ucrtd:ucrtbased.dll
 0005:00000320       \177ucrtbased_NULL_THUNK_DATA 000000014000e320     ucrtd:ucrtbased.dll
 0005:00000398       __IMPORT_DESCRIPTOR_KERNEL32 000000014000e398     kernel32:KERNEL32.dll
 0005:000003ac       __IMPORT_DESCRIPTOR_VCRUNTIME140D 000000014000e3ac     vcruntimed:VCRUNTIME140D.dll
 0005:000003c0       __IMPORT_DESCRIPTOR_ucrtbased 000000014000e3c0     ucrtd:ucrtbased.dll
 0005:000003d4       __NULL_IMPORT_DESCRIPTOR   000000014000e3d4     kernel32:KERNEL32.dll
 0006:00000000       __guard_check_icall_fptr   000000014000f000     MSVCRTD:guard_support.obj
 0006:00000010       __guard_xfg_check_icall_fptr 000000014000f010     MSVCRTD:guard_support.obj
 0006:00000020       __guard_dispatch_icall_fptr 000000014000f020     MSVCRTD:guard_support.obj
 0006:00000030       __guard_xfg_dispatch_icall_fptr 000000014000f030     MSVCRTD:guard_support.obj
 0006:00000040       __guard_xfg_table_dispatch_icall_fptr 000000014000f040     MSVCRTD:guard_support.obj
 0006:00000050       __castguard_check_failure_os_handled_fptr 000000014000f050     MSVCRTD:guard_support.obj
 0006:00000060       __guard_memcpy_fptr        000000014000f060     vcruntimed:softmemtag.obj

 entry point at        0001:00000177

 Static symbols

 0002:ffff7000       $unwind$__local_stdio_printf_options 0000000140000000     entry.cpp.obj
 0000:fffee000       .debug$S                   0000000140000000     kernel32:KERNEL32.dll
 0000:fffee000       .debug$S                   0000000140000000     kernel32:KERNEL32.dll
 0000:fffee000       .debug$S                   0000000140000000     kernel32:KERNEL32.dll
 0000:fffee000       .debug$S                   0000000140000000     kernel32:KERNEL32.dll
 0000:fffee000       .debug$S                   0000000140000000     kernel32:KERNEL32.dll
 0000:fffee000       .debug$S                   0000000140000000     kernel32:KERNEL32.dll
 0000:fffee000       .debug$S                   0000000140000000     kernel32:KERNEL32.dll
 0000:fffee000       .debug$S                   0000000140000000     kernel32:KERNEL32.dll
 0000:fffee000       .debug$S                   0000000140000000     kernel32:KERNEL32.dll
 0000:fffee000       .debug$S                   0000000140000000     kernel32:KERNEL32.dll
 0000:fffee000       .debug$S                   0000000140000000     kernel32:KERNEL32.dll
 0000:fffee000       .debug$S                   0000000140000000     kernel32:KERNEL32.dll
 0000:fffee000       .debug$S                   0000000140000000     kernel32:KERNEL32.dll
 0000:fffee000       .debug$S                   0000000140000000     kernel32:KERNEL32.dll
 0000:fffee000       .debug$S                   0000000140000000     kernel32:KERNEL32.dll
 0000:fffee000       .debug$S                   0000000140000000     kernel32:KERNEL32.dll
 0000:fffee000       .debug$S                   0000000140000000     kernel32:KERNEL32.dll
 0000:fffee000       .debug$S                   0000000140000000     kernel32:KERNEL32.dll
 0000:fffee000       .debug$S                   0000000140000000     kernel32:KERNEL32.dll
 0000:fffee000       .debug$S                   0000000140000000     kernel32:KERNEL32.dll
 0000:fffee000       .debug$S                   0000000140000000     kernel32:KERNEL32.dll
 0000:fffee000       .debug$S                   0000000140000000     kernel32:KERNEL32.dll
 0000:fffee000       .debug$S                   0000000140000000     kernel32:KERNEL32.dll
 0000:fffee000       .debug$S                   0000000140000000     kernel32:KERNEL32.dll
 0000:fffee000       .debug$S                   0000000140000000     kernel32:KERNEL32.dll
 0000:fffee000       .debug$S                   0000000140000000     kernel32:KERNEL32.dll
 0000:fffee000       .debug$S                   0000000140000000     kernel32:KERNEL32.dll
 0000:fffee000       .debug$S                   0000000140000000     kernel32:KERNEL32.dll
 0000:fffee000       .debug$S                   0000000140000000     ucrtd:ucrtbased.dll
 0000:fffee000       .debug$S                   0000000140000000     ucrtd:ucrtbased.dll
 0000:fffee000       .debug$S                   0000000140000000     ucrtd:ucrtbased.dll
 0000:fffee000       .debug$S                   0000000140000000     ucrtd:ucrtbased.dll
 0000:fffee000       .debug$S                   0000000140000000     ucrtd:ucrtbased.dll
 0000:fffee000       .debug$S                   0000000140000000     ucrtd:ucrtbased.dll
 0000:fffee000       .debug$S                   0000000140000000     ucrtd:ucrtbased.dll
 0000:fffee000       .debug$S                   0000000140000000     ucrtd:ucrtbased.dll
 0000:fffee000       .debug$S                   0000000140000000     ucrtd:ucrtbased.dll
 0000:fffee000       .debug$S                   0000000140000000     ucrtd:ucrtbased.dll
 0000:fffee000       .debug$S                   0000000140000000     ucrtd:ucrtbased.dll
 0000:fffee000       .debug$S                   0000000140000000     ucrtd:ucrtbased.dll
 0000:fffee000       .debug$S                   0000000140000000     ucrtd:ucrtbased.dll
 0000:fffee000       .debug$S                   0000000140000000     ucrtd:ucrtbased.dll
 0000:fffee000       .debug$S                   0000000140000000     ucrtd:ucrtbased.dll
 0000:fffee000       .debug$S                   0000000140000000     ucrtd:ucrtbased.dll
 0000:fffee000       .debug$S                   0000000140000000     ucrtd:ucrtbased.dll
 0000:fffee000       .debug$S                   0000000140000000     ucrtd:ucrtbased.dll
 0000:fffee000       .debug$S                   0000000140000000     ucrtd:ucrtbased.dll
 0000:fffee000       .debug$S                   0000000140000000     ucrtd:ucrtbased.dll
 0000:fffee000       .debug$S                   0000000140000000     ucrtd:ucrtbased.dll
 0000:fffee000       .debug$S                   0000000140000000     ucrtd:ucrtbased.dll
 0000:fffee000       .debug$S                   0000000140000000     ucrtd:ucrtbased.dll
 0000:fffee000       .debug$S                   0000000140000000     ucrtd:ucrtbased.dll
 0000:fffee000       .debug$S                   0000000140000000     ucrtd:ucrtbased.dll
 0000:fffee000       .debug$S                   0000000140000000     ucrtd:ucrtbased.dll
 0000:fffee000       .debug$S                   0000000140000000     ucrtd:ucrtbased.dll
 0000:fffee000       .debug$S                   0000000140000000     ucrtd:ucrtbased.dll
 0000:fffee000       .debug$S                   0000000140000000     ucrtd:ucrtbased.dll
 0000:fffee000       .debug$S                   0000000140000000     ucrtd:ucrtbased.dll
 0000:fffee000       .debug$S                   0000000140000000     ucrtd:ucrtbased.dll
 0000:fffee000       .debug$S                   0000000140000000     ucrtd:ucrtbased.dll
 0000:fffee000       .debug$S                   0000000140000000     ucrtd:ucrtbased.dll
 0000:fffee000       .debug$S                   0000000140000000     ucrtd:ucrtbased.dll
 0000:fffee000       .debug$S                   0000000140000000     ucrtd:ucrtbased.dll
 0000:fffee000       .debug$S                   0000000140000000     ucrtd:ucrtbased.dll
 0000:00000000       _volmd                     0000000140000000     MSVCRTD:cpu_disp.obj
 0000:ffff1000       __guard_ehcont_?notify_debugger@@YAXAEBUtagEXCEPTION_VISUALCPP_DEBUG_INFO@@@Z 0000000140000000     MSVCRTD:error.obj
 0000:ffff1000       __guard_ehcont_?__scrt_common_main_seh@@YAHXZ 0000000140000000     MSVCRTD:exe_main.obj
 0000:ffff1000       __guard_fids_?pre_c_initialization@@YAHXZ 0000000140000000     MSVCRTD:exe_main.obj
 0000:ffff1000       __guard_fids__             0000000140000000     MSVCRTD:exe_main.obj
 0000:00000000       _volmd                     0000000140000000     MSVCRTD:gs_report.obj
 0000:00000000       _volmd                     0000000140000000     MSVCRTD:gs_report.obj
 0000:00000000       _volmd                     0000000140000000     MSVCRTD:gs_report.obj
 0000:ffff1000       __guard_fids__             0000000140000000     MSVCRTD:guard_support.obj
 0000:ffff1000       __guard_fids__             0000000140000000     MSVCRTD:guard_support.obj
 0000:ffff1000       __guard_fids__guard_icall_checks_enforced 0000000140000000     MSVCRTD:guard_support.obj
 0000:00000000       _volmd                     0000000140000000     MSVCRTD:guard_support.obj
 0000:00000000       _volmd                     0000000140000000     MSVCRTD:guard_support.obj
 0000:ffff1000       __guard_fids__CRT_RTC_INIT 0000000140000000     MSVCRTD:init.obj
 0000:ffff1000       __guard_fids__CRT_RTC_INITW 0000000140000000     MSVCRTD:init.obj
 0002:ffff7000       $unwind$?configure_argv@__scrt_narrow_argv_policy@@SAHXZ 0000000140000000     MSVCRTD:utility.obj
 0002:ffff7000       $unwind$?initialize_environment@__scrt_narrow_environment_policy@@SAHXZ 0000000140000000     MSVCRTD:utility.obj
 0000:ffff1000       __guard_ehcont___scrt_is_nonwritable_in_current_image 0000000140000000     MSVCRTD:utility.obj
 0000:00000000       _volmd                     0000000140000000     MSVCRTD:utility.obj
 0000:00000000       _volmd                     0000000140000000     MSVCRTD:utility.obj
 0000:00000000       _volmd                     0000000140000000     MSVCRTD:utility.obj
 0000:ffff1000       __guard_fids___scrt_set_unhandled_exception_filter 0000000140000000     MSVCRTD:utility_desktop.obj
 0000:00000000       _volmd                     0000000140000000     MSVCRTD:utility_desktop.obj
 0000:ffff1000       __guard_fids__             0000000140000000     vcruntimed:softmemtag.obj
 0000:fffee000       .debug$S                   0000000140000000     vcruntimed:VCRUNTIME140D.dll
 0000:fffee000       .debug$S                   0000000140000000     vcruntimed:VCRUNTIME140D.dll
 0000:fffee000       .debug$S                   0000000140000000     vcruntimed:VCRUNTIME140D.dll
 0000:fffee000       .debug$S                   0000000140000000     vcruntimed:VCRUNTIME140D.dll
 0000:fffee000       .debug$S                   0000000140000000     vcruntimed:VCRUNTIME140D.dll
 0000:fffee000       .debug$S                   0000000140000000     vcruntimed:VCRUNTIME140D.dll
 0000:fffee000       .debug$S                   0000000140000000     vcruntimed:VCRUNTIME140D.dll
 0000:fffee000       .debug$S                   0000000140000000     vcruntimed:VCRUNTIME140D.dll
 0000:fffee000       .debug$S                   0000000140000000     vcruntimed:VCRUNTIME140D.dll
 0000:ffff1004       __guard_fids__             0000000140000004     MSVCRTD:exe_main.obj
 0000:ffff1008       __guard_fids__             0000000140000008     MSVCRTD:exe_main.obj
 0001:000005d0       ?pre_c_initialization@@YAHXZ 00000001400015d0 f   MSVCRTD:exe_main.obj
 0001:000006b0       ?post_pgo_initialization@@YAHXZ 00000001400016b0 f   MSVCRTD:exe_main.obj
 0001:000006d0       ?pre_cpp_initialization@@YAXXZ 00000001400016d0 f   MSVCRTD:exe_main.obj
 0001:000006f0       ?__scrt_common_main@@YAHXZ 00000001400016f0 f   MSVCRTD:exe_main.obj
 0001:00000710       ?__scrt_common_main_seh@@YAHXZ 0000000140001710 f   MSVCRTD:exe_main.obj
 0001:00000960       ?invoke_main@@YAHXZ        0000000140001960 f   MSVCRTD:exe_main.obj
 0001:00000b00       ?find_pe_section@@YAPEAU_IMAGE_SECTION_HEADER@@QEAE_K@Z 0000000140001b00 f   MSVCRTD:utility.obj
 0001:00000c00       ?is_potentially_valid_image_base@@YA_NQEAX@Z 0000000140001c00 f   MSVCRTD:utility.obj
 0001:00001320       __get_entropy              0000000140002320 f   MSVCRTD:gs_support.obj
 0001:00001c90       __castguard_check_failure_os_handled_wrapper 0000000140002c90 f   MSVCRTD:guard_support.obj
 0001:00001cd0       __castguard_compat_check   0000000140002cd0 f   MSVCRTD:guard_support.obj
 0001:00001e90       __castguard_slow_path_compat_check 0000000140002e90 f   MSVCRTD:guard_support.obj
 0001:00001f80       ?DebuggerProbe@@YA_NK@Z    0000000140002f80 f   MSVCRTD:error.obj
 0001:00001fd0       ?DebuggerRuntime@@YA_NKHPEAXPEB_W@Z 0000000140002fd0 f   MSVCRTD:error.obj
 0001:00002360       ?_getMemBlockDataString@@YAXPEAD0PEBD_K@Z 0000000140003360 f   MSVCRTD:error.obj
 0001:00002440       ?_strlen_priv@@YA_KPEBD@Z  0000000140003440 f   MSVCRTD:error.obj
 0001:00002460       ?failwithmessage@@YAXPEAXHHPEBD@Z 0000000140003460 f   MSVCRTD:error.obj
 0001:00002760       ?notify_debugger@@YAXAEBUtagEXCEPTION_VISUALCPP_DEBUG_INFO@@@Z 0000000140003760 f   MSVCRTD:error.obj
 0001:00002e00       ?GetPdbDll@@YAPEAUHINSTANCE__@@XZ 0000000140003e00 f   MSVCRTD:pdblkup.obj
 0001:00002fc0       ?GetPdbDllFromInstallPath@@YAPEAUHINSTANCE__@@XZ 0000000140003fc0 f   MSVCRTD:pdblkup.obj
 0001:00003320       ?GetPdbDllPathFromFilePath@@YAHPEB_WPEA_W_K@Z 0000000140004320 f   MSVCRTD:pdblkup.obj
 0001:00003ac0       $$000000                   0000000140004ac0     MSVCRTD:amdsecgs.obj
 0001:00003eb0       capture_current_context    0000000140004eb0 f   MSVCRTD:gs_report.obj
 0001:00003f70       capture_previous_context   0000000140004f70 f   MSVCRTD:gs_report.obj
 0001:00005520       $$000000                   0000000140006520     MSVCRTD:guard_dispatch.obj
 0001:00005540       $$000000                   0000000140006540     MSVCRTD:guard_xfg_dispatch.obj
 0001:00006560       ?filt$0@?0??__scrt_common_main_seh@@YAHXZ@4HA 0000000140007560 f   MSVCRTD:exe_main.obj
 0001:000065a0       __scrt_is_nonwritable_in_current_image$filt$0 00000001400075a0 f   MSVCRTD:utility.obj
 0001:000065f0       ?filt$0@?0??notify_debugger@@YAXAEBUtagEXCEPTION_VISUALCPP_DEBUG_INFO@@@Z@4HA 00000001400075f0 f   MSVCRTD:error.obj
 0002:00000110       ?pre_cpp_initializer@@3P6AXXZEA 0000000140009110     MSVCRTD:exe_main.obj
 0002:00000440       ?pre_c_initializer@@3P6AHXZEA 0000000140009440     MSVCRTD:exe_main.obj
 0002:00000550       ?post_pgo_initializer@@3P6AHXZEA 0000000140009550     MSVCRTD:exe_main.obj
 0002:00000bb0       $SG148434                  0000000140009bb0     entry.cpp.obj
 0002:00000c18       $SG140355                  0000000140009c18     entry.cpp.obj
 0002:00000c28       $SG140356                  0000000140009c28     entry.cpp.obj
 0002:00000c30       $SG150320                  0000000140009c30     entry.cpp.obj
 0002:00000c44       $SG150321                  0000000140009c44     entry.cpp.obj
 0002:00000c48       $SG150325                  0000000140009c48     entry.cpp.obj
 0002:00000c70       $SG150322                  0000000140009c70     entry.cpp.obj
 0002:00000cd4       $SG150324                  0000000140009cd4     entry.cpp.obj
 0002:00000ce0       $SG150323                  0000000140009ce0     entry.cpp.obj
 0002:00000df8       ?_RTC_errlist@@3QBQEBDB    0000000140009df8     MSVCRTD:userapi.obj
 0002:00000f00       ?_RTC_ErrorMessages@@3QBQEBDB 0000000140009f00     MSVCRTD:error.obj
 0002:00000f30       ?_RTC_NoFalsePositives@@3QBHB 0000000140009f30     MSVCRTD:error.obj
 0002:00000f48       ?stack_premsg@@3QBDB       0000000140009f48     MSVCRTD:error.obj
 0002:00000f68       ?stack_postmsg@@3QBDB      0000000140009f68     MSVCRTD:error.obj
 0002:00000f80       ?uninit_premsg@@3QBDB      0000000140009f80     MSVCRTD:error.obj
 0002:00000f90       ?uninit_postmsg@@3QBDB     0000000140009f90     MSVCRTD:error.obj
 0002:00001608       ?mspdbName@@3QB_WB         000000014000a608     MSVCRTD:pdblkup.obj
 0002:00001638       ?debugCrtFileName@@3QB_WB  000000014000a638     MSVCRTD:pdblkup.obj
 0002:000017d0       ?dllExt@?1??GetPdbDllPathFromFilePath@@YAHPEB_WPEA_W_K@Z@4QB_WB 000000014000a7d0     MSVCRTD:pdblkup.obj
 0002:000017e0       ?mspdbFilename@?1??GetPdbDllPathFromFilePath@@YAHPEB_WPEA_W_K@Z@4QB_WB 000000014000a7e0     MSVCRTD:pdblkup.obj
 0002:00001828       GS_ExceptionPointers       000000014000a828     MSVCRTD:gs_report.obj
 0002:00001a00       printf$rtcName$0           000000014000aa00     entry.cpp.obj
 0002:00001a10       printf$rtcVarDesc          000000014000aa10     entry.cpp.obj
 0002:00001a50       printf$rtcFrameData        000000014000aa50     entry.cpp.obj
 0002:000021b8       _RTC_InitBase.rtc$IMZ      000000014000b1b8     entry.cpp.obj
 0002:000024e8       _RTC_Shutdown.rtc$TMZ      000000014000b4e8     entry.cpp.obj
 0002:00002708       $unwind$?__empty_global_delete@@YAXPEAX@Z 000000014000b708     entry.cpp.obj
 0002:00002710       $unwind$?__empty_global_delete@@YAXPEAX_K@Z 000000014000b710     entry.cpp.obj
 0002:00002718       $unwind$?__empty_global_delete@@YAXPEAXW4align_val_t@std@@@Z 000000014000b718     entry.cpp.obj
 0002:00002720       $unwind$?__empty_global_delete@@YAXPEAX_KW4align_val_t@std@@@Z 000000014000b720     entry.cpp.obj
 0002:00002730       $unwind$_RTC_Shutdown      000000014000b730     MSVCRTD:init.obj
 0002:00002738       $unwind$_RTC_InitBase      000000014000b738     MSVCRTD:init.obj
 0002:00002740       $unwind$?configure_argv@__scrt_narrow_argv_policy@@SAHXZ 000000014000b740     MSVCRTD:exe_main.obj
 0002:00002748       $unwind$?initialize_environment@__scrt_narrow_environment_policy@@SAHXZ 000000014000b748     MSVCRTD:exe_main.obj
 0002:00002750       $unwind$?set_app_type@__scrt_main_policy@@SAXXZ 000000014000b750     MSVCRTD:exe_main.obj
 0002:00002758       $unwind$?set_fmode@__scrt_file_policy@@SAXXZ 000000014000b758     MSVCRTD:exe_main.obj
 0002:00002760       $unwind$?set_commode@__scrt_file_policy@@SAXXZ 000000014000b760     MSVCRTD:exe_main.obj
 0002:00002768       $unwind$?invoke_main@@YAHXZ 000000014000b768     MSVCRTD:exe_main.obj
 0002:00002770       $unwind$?pre_c_initialization@@YAHXZ 000000014000b770     MSVCRTD:exe_main.obj
 0002:00002778       $unwind$?post_pgo_initialization@@YAHXZ 000000014000b778     MSVCRTD:exe_main.obj
 0002:00002780       $unwind$?pre_cpp_initialization@@YAXXZ 000000014000b780     MSVCRTD:exe_main.obj
 0002:00002788       $unwind$?__scrt_common_main_seh@@YAHXZ 000000014000b788     MSVCRTD:exe_main.obj
 0002:000027ac       $unwind$?filt$0@?0??__scrt_common_main_seh@@YAHXZ@4HA 000000014000b7ac     MSVCRTD:exe_main.obj
 0002:000027b4       $unwind$?__scrt_common_main@@YAHXZ 000000014000b7b4     MSVCRTD:exe_main.obj
 0002:000027bc       $unwind$mainCRTStartup     000000014000b7bc     MSVCRTD:exe_main.obj
 0002:000027c4       $unwind$atexit             000000014000b7c4     MSVCRTD:utility.obj
 0002:000027cc       $unwind$_onexit            000000014000b7cc     MSVCRTD:utility.obj
 0002:000027d4       $unwind$at_quick_exit      000000014000b7d4     MSVCRTD:utility.obj
 0002:000027dc       $unwind$__scrt_is_nonwritable_in_current_image 000000014000b7dc     MSVCRTD:utility.obj
 0002:00002800       $unwind$__scrt_is_nonwritable_in_current_image$filt$0 000000014000b800     MSVCRTD:utility.obj
 0002:00002808       $unwind$__scrt_acquire_startup_lock 000000014000b808     MSVCRTD:utility.obj
 0002:00002810       $unwind$__scrt_release_startup_lock 000000014000b810     MSVCRTD:utility.obj
 0002:00002818       $unwind$__scrt_initialize_crt 000000014000b818     MSVCRTD:utility.obj
 0002:00002820       $unwind$__scrt_uninitialize_crt 000000014000b820     MSVCRTD:utility.obj
 0002:00002828       $unwind$__scrt_initialize_onexit_tables 000000014000b828     MSVCRTD:utility.obj
 0002:00002838       $unwind$__scrt_dllmain_exception_filter 000000014000b838     MSVCRTD:utility.obj
 0002:00002840       $unwind$__scrt_dllmain_before_initialize_c 000000014000b840     MSVCRTD:utility.obj
 0002:00002848       $unwind$__scrt_dllmain_after_initialize_c 000000014000b848     MSVCRTD:utility.obj
 0002:00002850       $unwind$__scrt_dllmain_uninitialize_c 000000014000b850     MSVCRTD:utility.obj
 0002:00002858       $unwind$__scrt_dllmain_uninitialize_critical 000000014000b858     MSVCRTD:utility.obj
 0002:00002860       $unwind$__scrt_dllmain_crt_thread_attach 000000014000b860     MSVCRTD:utility.obj
 0002:00002868       $unwind$__scrt_dllmain_crt_thread_detach 000000014000b868     MSVCRTD:utility.obj
 0002:00002870       $unwind$?is_potentially_valid_image_base@@YA_NQEAX@Z 000000014000b870     MSVCRTD:utility.obj
 0002:00002878       $unwind$?find_pe_section@@YAPEAU_IMAGE_SECTION_HEADER@@QEAE_K@Z 000000014000b878     MSVCRTD:utility.obj
 0002:00002880       $unwind$__security_init_cookie 000000014000b880     MSVCRTD:gs_support.obj
 0002:00002888       $unwind$__get_entropy      000000014000b888     MSVCRTD:gs_support.obj
 0002:00002890       $unwind$?__scrt_initialize_type_info@@YAXXZ 000000014000b890     MSVCRTD:tncleanup.obj
 0002:00002898       $unwind$?__scrt_uninitialize_type_info@@YAXXZ 000000014000b898     MSVCRTD:tncleanup.obj
 0002:000028a0       $unwind$__scrt_initialize_default_local_stdio_options 000000014000b8a0     MSVCRTD:default_local_stdio_options.obj
 0002:000028a8       $unwind$__scrt_is_user_matherr_present 000000014000b8a8     MSVCRTD:matherr_detection.obj
 0002:000028b0       $unwind$__scrt_get_show_window_mode 000000014000b8b0     MSVCRTD:utility_desktop.obj
 0002:000028c0       $unwind$__scrt_is_managed_app 000000014000b8c0     MSVCRTD:utility_desktop.obj
 0002:000028c8       $unwind$__scrt_initialize_mta 000000014000b8c8     MSVCRTD:utility_desktop.obj
 0002:000028d0       $unwind$__scrt_set_unhandled_exception_filter 000000014000b8d0     MSVCRTD:utility_desktop.obj
 0002:000028d8       $unwind$__scrt_fastfail    000000014000b8d8     MSVCRTD:utility_desktop.obj
 0002:000028e8       $unwind$__scrt_unhandled_exception_filter 000000014000b8e8     MSVCRTD:utility_desktop.obj
 0002:000028f0       $unwind$_RTC_Initialize    000000014000b8f0     MSVCRTD:initsect.obj
 0002:00002900       $unwind$_RTC_Terminate     000000014000b900     MSVCRTD:initsect.obj
 0002:00002910       $unwind$ReadNoFence64      000000014000b910     MSVCRTD:guard_support.obj
 0002:00002918       $unwind$ReadPointerNoFence 000000014000b918     MSVCRTD:guard_support.obj
 0002:00002920       $unwind$_guard_icall_checks_enforced 000000014000b920     MSVCRTD:guard_support.obj
 0002:00002928       $unwind$__castguard_compat_check 000000014000b928     MSVCRTD:guard_support.obj
 0002:00002930       $unwind$__castguard_check_failure_os_handled_wrapper 000000014000b930     MSVCRTD:guard_support.obj
 0002:00002938       $unwind$__castguard_check_failure_debugbreak 000000014000b938     MSVCRTD:guard_support.obj
 0002:00002940       $unwind$__castguard_check_failure_fastfail 000000014000b940     MSVCRTD:guard_support.obj
 0002:00002948       $unwind$__castguard_check_failure_os_handled 000000014000b948     MSVCRTD:guard_support.obj
 0002:00002950       $unwind$__castguard_slow_path_compat_check 000000014000b950     MSVCRTD:guard_support.obj
 0002:00002958       $unwind$__castguard_slow_path_check_debugbreak 000000014000b958     MSVCRTD:guard_support.obj
 0002:00002960       $unwind$__castguard_slow_path_check_fastfail 000000014000b960     MSVCRTD:guard_support.obj
 0002:00002968       $unwind$__castguard_slow_path_check_os_handled 000000014000b968     MSVCRTD:guard_support.obj
 0002:00002970       $unwind$_RTC_UninitUse     000000014000b970     MSVCRTD:error.obj
 0002:0000298c       $unwind$?_RTC_StackFailure@@YAXPEAXPEBD@Z 000000014000b98c     MSVCRTD:error.obj
 0002:000029ac       $unwind$?_RTC_AllocaFailure@@YAXPEAXPEAU_RTC_ALLOCA_NODE@@H@Z 000000014000b9ac     MSVCRTD:error.obj
 0002:000029c8       $chain$0$?_RTC_AllocaFailure@@YAXPEAXPEAU_RTC_ALLOCA_NODE@@H@Z 000000014000b9c8     MSVCRTD:error.obj
 0002:000029e0       $chain$1$?_RTC_AllocaFailure@@YAXPEAXPEAU_RTC_ALLOCA_NODE@@H@Z 000000014000b9e0     MSVCRTD:error.obj
 0002:000029f4       $unwind$_vsprintf_s_l      000000014000b9f4     MSVCRTD:error.obj
 0002:00002a0c       $unwind$sprintf_s          000000014000ba0c     MSVCRTD:error.obj
 0002:00002a14       $unwind$?notify_debugger@@YAXAEBUtagEXCEPTION_VISUALCPP_DEBUG_INFO@@@Z 000000014000ba14     MSVCRTD:error.obj
 0002:00002a38       $unwind$?filt$0@?0??notify_debugger@@YAXAEBUtagEXCEPTION_VISUALCPP_DEBUG_INFO@@@Z@4HA 000000014000ba38     MSVCRTD:error.obj
 0002:00002a40       $unwind$?DebuggerProbe@@YA_NK@Z 000000014000ba40     MSVCRTD:error.obj
 0002:00002a48       $unwind$?DebuggerRuntime@@YA_NKHPEAXPEB_W@Z 000000014000ba48     MSVCRTD:error.obj
 0002:00002a50       $unwind$?failwithmessage@@YAXPEAXHHPEBD@Z 000000014000ba50     MSVCRTD:error.obj
 0002:00002a78       $unwind$?_getMemBlockDataString@@YAXPEAD0PEBD_K@Z 000000014000ba78     MSVCRTD:error.obj
 0002:00002a8c       $chain$3$?_getMemBlockDataString@@YAXPEAD0PEBD_K@Z 000000014000ba8c     MSVCRTD:error.obj
 0002:00002ab0       $chain$4$?_getMemBlockDataString@@YAXPEAD0PEBD_K@Z 000000014000bab0     MSVCRTD:error.obj
 0002:00002ac4       $unwind$__isa_available_init 000000014000bac4     MSVCRTD:cpu_disp.obj
 0002:00002ad8       $unwind$__scrt_is_ucrt_dll_in_use 000000014000bad8     MSVCRTD:ucrt_detection.obj
 0002:00002ae0       $xdatasym                  000000014000bae0     MSVCRTD:guard_dispatch.obj
 0002:00002ae8       $xdatasym                  000000014000bae8     MSVCRTD:guard_xfg_dispatch.obj
 0002:00002aec       $unwind$?_RTC_GetSrcLine@@YAHPEAEPEA_WKPEAH1K@Z 000000014000baec     MSVCRTD:pdblkup.obj
 0002:00002b08       $unwind$?GetPdbDllFromInstallPath@@YAPEAUHINSTANCE__@@XZ 000000014000bb08     MSVCRTD:pdblkup.obj
 0002:00002b30       $unwind$?GetPdbDllPathFromFilePath@@YAHPEB_WPEA_W_K@Z 000000014000bb30     MSVCRTD:pdblkup.obj
 0002:00002b4c       $unwind$?GetPdbDll@@YAPEAUHINSTANCE__@@XZ 000000014000bb4c     MSVCRTD:pdblkup.obj
 0002:00002b60       $unwind$__GSHandlerCheckCommon 000000014000bb60     MSVCRTD:gshandler.obj
 0002:00002b68       $unwind$__GSHandlerCheck   000000014000bb68     MSVCRTD:gshandler.obj
 0002:00002b70       $xdatasym                  000000014000bb70     MSVCRTD:amdsecgs.obj
 0002:00002b74       $unwind$__report_securityfailure 000000014000bb74     MSVCRTD:gs_report.obj
 0002:00002b7c       $unwind$__report_securityfailureEx 000000014000bb7c     MSVCRTD:gs_report.obj
 0002:00002b84       $unwind$__report_rangecheckfailure 000000014000bb84     MSVCRTD:gs_report.obj
 0002:00002b8c       $unwind$__report_gsfailure 000000014000bb8c     MSVCRTD:gs_report.obj
 0002:00002b94       $unwind$capture_current_context 000000014000bb94     MSVCRTD:gs_report.obj
 0002:00002b9c       $unwind$capture_previous_context 000000014000bb9c     MSVCRTD:gs_report.obj
 0002:00002ba4       $unwind$__raise_securityfailure 000000014000bba4     MSVCRTD:gs_report.obj
 0002:00002bac       $unwind$_vfprintf_l        000000014000bbac     entry.cpp.obj
 0002:00002bb4       $unwind$printf             000000014000bbb4     entry.cpp.obj
 0002:00002bbc       $unwind$_RTC_CheckStackVars 000000014000bbbc     MSVCRTD:stack.obj
 0002:00002bcc       $chain$0$_RTC_CheckStackVars 000000014000bbcc     MSVCRTD:stack.obj
 0002:00002be0       $chain$1$_RTC_CheckStackVars 000000014000bbe0     MSVCRTD:stack.obj
 0002:00002bf0       $unwind$_RTC_CheckStackVars2 000000014000bbf0     MSVCRTD:stack.obj
 0002:00002bfc       $chain$1$_RTC_CheckStackVars2 000000014000bbfc     MSVCRTD:stack.obj
 0002:00002c14       $chain$2$_RTC_CheckStackVars2 000000014000bc14     MSVCRTD:stack.obj
 0002:00002c28       $chain$3$_RTC_CheckStackVars2 000000014000bc28     MSVCRTD:stack.obj
 0002:00002c3c       $chain$4$_RTC_CheckStackVars2 000000014000bc3c     MSVCRTD:stack.obj
 0002:00002c4c       $chain$5$_RTC_CheckStackVars2 000000014000bc4c     MSVCRTD:stack.obj
 0002:00002c5c       $chain$6$_RTC_CheckStackVars2 000000014000bc5c     MSVCRTD:stack.obj
 0002:00002c6c       $unwind$_RTC_AllocaHelper  000000014000bc6c     MSVCRTD:stack.obj
 0002:00002c74       $chain$0$_RTC_AllocaHelper 000000014000bc74     MSVCRTD:stack.obj
 0002:00002c88       $chain$1$_RTC_AllocaHelper 000000014000bc88     MSVCRTD:stack.obj
 0002:00002c98       $unwind$?hey@@YAXXZ        000000014000bc98     entry.cpp.obj
 0002:00002ca0       $unwind$main               000000014000bca0     entry.cpp.obj
 0003:00000170       ?init@?1??_RTC_InitBase@@9@4_NA 000000014000c170     MSVCRTD:init.obj
 0003:00000178       ?_RTC_ErrorReportFunc@@3P6AHHPEBDH00ZZEA 000000014000c178     MSVCRTD:userapi.obj
 0003:00000180       ?_RTC_ErrorReportFuncW@@3P6AHHPEB_WH00ZZEA 000000014000c180     MSVCRTD:userapi.obj
 0003:000001a0       ?is_initialized_as_dll@@3_NA 000000014000c1a0     MSVCRTD:utility.obj
 0003:000001a1       ?module_local_atexit_table_initialized@@3_NA 000000014000c1a1     MSVCRTD:utility.obj
 0003:000001a8       ?module_local_atexit_table@@3U_onexit_table_t@@A 000000014000c1a8     MSVCRTD:utility.obj
 0003:000001c0       ?module_local_at_quick_exit_table@@3U_onexit_table_t@@A 000000014000c1c0     MSVCRTD:utility.obj
 0003:00000230       ?mspdb@@3PEAUHINSTANCE__@@EA 000000014000c230     MSVCRTD:pdblkup.obj
 0003:00000239       ?alreadyTried@?1??GetPdbDll@@YAPEAUHINSTANCE__@@XZ@4_NA 000000014000c239     MSVCRTD:pdblkup.obj
 0003:0000023a       ?PDBOK@?1??_RTC_GetSrcLine@@YAHPEAEPEA_WKPEAH1K@Z@4_NA 000000014000c23a     MSVCRTD:pdblkup.obj
 0003:00000240       GS_ExceptionRecord         000000014000c240     MSVCRTD:gs_report.obj
 0003:000002e0       GS_ContextRecord           000000014000c2e0     MSVCRTD:gs_report.obj
 0005:00000790       .idata$6                   000000014000e790     kernel32:KERNEL32.dll
 0005:00000878       .idata$6                   000000014000e878     vcruntimed:VCRUNTIME140D.dll
 0005:00000afe       .idata$6                   000000014000eafe     ucrtd:ucrtbased.dll
 0007:00000170       $R000000                   0000000140010170     manifest.res
